My SLURM_ARRAY_TASK_ID:  8
Radius of the colloid (red units) = 7.15169894638001
BOX_L_REDUCED = 181.84150521806058
N_SALT = 1620
Tune skin
{'n_nodes': 1, 'verlet_reuse': 0.0, 'cutoff_regular': None, 'node_grid': [1, 1, 1], 'max_cut_nonbonded': -1.0, 'interaction_range': -1.0, 'n_square_types': None, 'max_cut_bonded': -1.0, 'use_verlet_lists': True, 'cell_size': array([90.92075261, 90.92075261, 90.92075261]), 'decomposition_type': 'regular_decomposition', 'cell_grid': [2, 2, 2], 'skin': 2.4460937499999993}
The system contains 3565 particles
Before Minimization: E_total = 6.02e+24
After Minimization: E_total = 0.00e+00
0.12% done, elapsed time 3.5 minutes; estimated completion in 1.9 days
0.17% done, elapsed time 4.1 minutes; estimated completion in 1.7 days
0.21% done, elapsed time 4.7 minutes; estimated completion in 1.6 days
0.29% done, elapsed time 5.8 minutes; estimated completion in 1.4 days
0.46% done, elapsed time 7.8 minutes; estimated completion in 1.2 days
0.67% done, elapsed time 10 minutes; estimated completion in 1 days
0.96% done, elapsed time 13 minutes; estimated completion in 23 hours
1.5% done, elapsed time 18 minutes; estimated completion in 20 hours
2.2% done, elapsed time 25 minutes; estimated completion in 19 hours
3.2% done, elapsed time 34 minutes; estimated completion in 17 hours
4.8% done, elapsed time 49 minutes; estimated completion in 16 hours
7.2% done, elapsed time 1.2 hours; estimated completion in 15 hours
11% done, elapsed time 1.7 hours; estimated completion in 14 hours
16% done, elapsed time 2.6 hours; estimated completion in 13 hours
24% done, elapsed time 3.8 hours; estimated completion in 12 hours
36% done, elapsed time 5.7 hours; estimated completion in 9.9 hours
55% done, elapsed time 8.5 hours; estimated completion in 7 hours
82% done, elapsed time 13 hours; estimated completion in 2.8 hours
Run completed
[1673020504.945129] [idun-07-08:17920:0]          ib_md.c:1063 UCX  WARN  IB: ibv_fork_init() was disabled or failed, yet a fork() has been issued.
[1673020504.945153] [idun-07-08:17920:0]          ib_md.c:1064 UCX  WARN  IB: data corruption might occur when using registered memory.
CoulombP3M tune parameters: Accuracy goal = 1.00000e-03 prefactor = 2.01217e+00
System: box_l = 1.81842e+02 # charged part = 3564 Sum[q_i^2] = 3.56400e+03
mesh cao r_cut_iL    alpha_L     err       rs_err    ks_err    time [ms]
16   7   1.19736e-01 1.53793e+01 1.000e-03 7.071e-04 7.071e-04 327.77  
16   6   1.22587e-01 1.49955e+01 9.994e-04 7.071e-04 7.063e-04 337.56  
34   7   6.36100e-02 3.02691e+01 9.712e-04 7.071e-04 6.657e-04 110.53  
34   6   6.54809e-02 2.93467e+01 9.589e-04 7.071e-04 6.476e-04 116.17  
52   7   4.37319e-02 4.51265e+01 9.972e-04 7.071e-04 7.032e-04 59.78   
52   6   4.57197e-02 4.30412e+01 9.365e-04 7.071e-04 6.140e-04 62.96   
70   7   3.41655e-02 5.86702e+01 9.597e-04 7.071e-04 6.489e-04 63.18   
70   6   3.48488e-02 5.74488e+01 9.768e-04 7.071e-04 6.738e-04 63.46   
70   5   3.62155e-02 5.51482e+01 9.711e-04 7.071e-04 6.657e-04 68.66   

resulting parameters: mesh: (52, 52, 52), cao: 7, r_cut_iL: 4.3732e-02,
                      alpha_L: 4.5127e+01, accuracy: 9.9725e-04, time: 59.78
