My SLURM_ARRAY_TASK_ID:  0
Radius of the colloid (red units) = 10.114029643979983
BOX_L_REDUCED = 181.84150521806058
N_SALT = 1620
Tune skin
{'n_nodes': 1, 'verlet_reuse': 0.0, 'cutoff_regular': None, 'node_grid': [1, 1, 1], 'max_cut_nonbonded': -1.0, 'interaction_range': -1.0, 'n_square_types': None, 'max_cut_bonded': -1.0, 'use_verlet_lists': True, 'cell_size': array([90.92075261, 90.92075261, 90.92075261]), 'decomposition_type': 'regular_decomposition', 'cell_grid': [2, 2, 2], 'skin': 2.62890625}
The system contains 3565 particles
Before Minimization: E_total = 1.76e+23
After Minimization: E_total = 0.00e+00
0.12% done, elapsed time 3.5 minutes; estimated completion in 1.9 days
0.17% done, elapsed time 4.1 minutes; estimated completion in 1.7 days
0.21% done, elapsed time 4.6 minutes; estimated completion in 1.5 days
0.29% done, elapsed time 5.6 minutes; estimated completion in 1.3 days
0.46% done, elapsed time 7.3 minutes; estimated completion in 1.1 days
0.67% done, elapsed time 9.3 minutes; estimated completion in 23 hours
0.96% done, elapsed time 12 minutes; estimated completion in 21 hours
1.5% done, elapsed time 16 minutes; estimated completion in 18 hours
2.2% done, elapsed time 22 minutes; estimated completion in 16 hours
3.2% done, elapsed time 30 minutes; estimated completion in 15 hours
4.8% done, elapsed time 43 minutes; estimated completion in 14 hours
7.2% done, elapsed time 1 hours; estimated completion in 13 hours
11% done, elapsed time 1.5 hours; estimated completion in 12 hours
16% done, elapsed time 2.2 hours; estimated completion in 11 hours
24% done, elapsed time 3.3 hours; estimated completion in 10 hours
36% done, elapsed time 4.9 hours; estimated completion in 8.5 hours
55% done, elapsed time 7.2 hours; estimated completion in 6 hours
82% done, elapsed time 11 hours; estimated completion in 2.3 hours
Run completed
[1671893595.692758] [idun-07-01:2099956:0]          ib_md.c:1063 UCX  WARN  IB: ibv_fork_init() was disabled or failed, yet a fork() has been issued.
[1671893595.692800] [idun-07-01:2099956:0]          ib_md.c:1064 UCX  WARN  IB: data corruption might occur when using registered memory.
CoulombP3M tune parameters: Accuracy goal = 1.00000e-03 prefactor = 2.01217e+00
System: box_l = 1.81842e+02 # charged part = 3564 Sum[q_i^2] = 3.56400e+03
mesh cao r_cut_iL    alpha_L     err       rs_err    ks_err    time [ms]
16   7   1.20437e-01 1.52832e+01 9.828e-04 7.071e-04 6.825e-04 278.15  
16   6   1.23282e-01 1.49047e+01 9.829e-04 7.071e-04 6.827e-04 287.63  
34   7   6.30414e-02 3.05606e+01 9.993e-04 7.071e-04 7.061e-04 88.18   
34   6   6.49233e-02 2.96159e+01 9.847e-04 7.071e-04 6.853e-04 92.00   
52   7   4.43260e-02 4.44831e+01 9.540e-04 7.071e-04 6.404e-04 51.87   
52   6   4.53110e-02 4.34545e+01 9.630e-04 7.071e-04 6.538e-04 53.21   
52   5   4.72811e-02 4.15295e+01 9.445e-04 7.071e-04 6.261e-04 56.77   
70   7   3.39371e-02 5.90897e+01 9.817e-04 7.071e-04 6.809e-04 57.82   
70   6   3.46297e-02 5.78351e+01 9.982e-04 7.071e-04 7.046e-04 60.51   

resulting parameters: mesh: (52, 52, 52), cao: 7, r_cut_iL: 4.4326e-02,
                      alpha_L: 4.4483e+01, accuracy: 9.5401e-04, time: 51.87
