My SLURM_ARRAY_TASK_ID:  2
Radius of the colloid (red units) = 10.114029643979983
BOX_L_REDUCED = 181.84150521806058
N_SALT = 1620
Tune skin
{'n_nodes': 1, 'verlet_reuse': 0.0, 'cutoff_regular': None, 'node_grid': [1, 1, 1], 'max_cut_nonbonded': -1.0, 'interaction_range': -1.0, 'n_square_types': None, 'max_cut_bonded': -1.0, 'use_verlet_lists': True, 'cell_size': array([90.92075261, 90.92075261, 90.92075261]), 'decomposition_type': 'regular_decomposition', 'cell_grid': [2, 2, 2], 'skin': 3.54296875}
The system contains 3565 particles
Before Minimization: E_total = 1.76e+23
After Minimization: E_total = 0.00e+00
0.12% done, elapsed time 4 minutes; estimated completion in 2.2 days
0.17% done, elapsed time 4.8 minutes; estimated completion in 2 days
0.21% done, elapsed time 5.5 minutes; estimated completion in 1.8 days
0.29% done, elapsed time 6.8 minutes; estimated completion in 1.6 days
0.46% done, elapsed time 9.2 minutes; estimated completion in 1.4 days
0.67% done, elapsed time 12 minutes; estimated completion in 1.2 days
0.96% done, elapsed time 15 minutes; estimated completion in 1.1 days
1.5% done, elapsed time 20 minutes; estimated completion in 23 hours
2.2% done, elapsed time 27 minutes; estimated completion in 20 hours
3.2% done, elapsed time 37 minutes; estimated completion in 19 hours
4.8% done, elapsed time 54 minutes; estimated completion in 18 hours
7.2% done, elapsed time 1.3 hours; estimated completion in 17 hours
11% done, elapsed time 1.9 hours; estimated completion in 16 hours
16% done, elapsed time 2.9 hours; estimated completion in 15 hours
24% done, elapsed time 4.3 hours; estimated completion in 13 hours
36% done, elapsed time 6.4 hours; estimated completion in 11 hours
55% done, elapsed time 9.5 hours; estimated completion in 7.9 hours
82% done, elapsed time 14 hours; estimated completion in 3.1 hours
Run completed
[1672917446.971600] [idun-07-21:2200920:0]          ib_md.c:1063 UCX  WARN  IB: ibv_fork_init() was disabled or failed, yet a fork() has been issued.
[1672917446.971630] [idun-07-21:2200920:0]          ib_md.c:1064 UCX  WARN  IB: data corruption might occur when using registered memory.
CoulombP3M tune parameters: Accuracy goal = 1.00000e-03 prefactor = 2.01217e+00
System: box_l = 1.81842e+02 # charged part = 3564 Sum[q_i^2] = 3.56400e+03
mesh cao r_cut_iL    alpha_L     err       rs_err    ks_err    time [ms]
16   7   1.20129e-01 1.53253e+01 9.902e-04 7.071e-04 6.932e-04 290.26  
16   6   1.22945e-01 1.49487e+01 9.908e-04 7.071e-04 6.941e-04 300.53  
34   7   6.38186e-02 3.01635e+01 9.614e-04 7.071e-04 6.514e-04 100.49  
34   6   6.47571e-02 2.96971e+01 9.928e-04 7.071e-04 6.969e-04 100.04  
34   5   6.75726e-02 2.83777e+01 9.708e-04 7.071e-04 6.652e-04 107.11  
52   7   4.40146e-02 4.48182e+01 9.760e-04 7.071e-04 6.727e-04 58.30   
52   6   4.50264e-02 4.37470e+01 9.830e-04 7.071e-04 6.829e-04 59.48   
52   5   4.65441e-02 4.22300e+01 9.924e-04 7.071e-04 6.963e-04 61.38   
70   7   3.43864e-02 5.82700e+01 9.399e-04 7.071e-04 6.193e-04 66.41   
70   6   3.50741e-02 5.70569e+01 9.561e-04 7.071e-04 6.435e-04 66.66   
70   5   3.64496e-02 5.47718e+01 9.514e-04 7.071e-04 6.365e-04 64.68   
70   4   3.85127e-02 5.16583e+01 9.767e-04 7.071e-04 6.738e-04 66.86   

resulting parameters: mesh: (52, 52, 52), cao: 7, r_cut_iL: 4.4015e-02,
                      alpha_L: 4.4818e+01, accuracy: 9.7595e-04, time: 58.30
