My SLURM_ARRAY_TASK_ID:  1
Radius of the colloid (red units) = 10.114029643979983
BOX_L_REDUCED = 181.84150521806058
N_SALT = 1620
Tune skin
{'n_nodes': 1, 'verlet_reuse': 0.0, 'cutoff_regular': None, 'node_grid': [1, 1, 1], 'max_cut_nonbonded': -1.0, 'interaction_range': -1.0, 'n_square_types': None, 'max_cut_bonded': -1.0, 'use_verlet_lists': True, 'cell_size': array([90.92075261, 90.92075261, 90.92075261]), 'decomposition_type': 'regular_decomposition', 'cell_grid': [2, 2, 2], 'skin': 2.2632812499999995}
The system contains 3565 particles
Before Minimization: E_total = 1.76e+23
After Minimization: E_total = 0.00e+00
0.12% done, elapsed time 3.4 minutes; estimated completion in 1.9 days
0.17% done, elapsed time 4 minutes; estimated completion in 1.7 days
0.21% done, elapsed time 4.5 minutes; estimated completion in 1.5 days
0.29% done, elapsed time 5.6 minutes; estimated completion in 1.3 days
0.46% done, elapsed time 7.5 minutes; estimated completion in 1.1 days
0.67% done, elapsed time 9.6 minutes; estimated completion in 24 hours
0.96% done, elapsed time 12 minutes; estimated completion in 21 hours
1.5% done, elapsed time 17 minutes; estimated completion in 19 hours
2.2% done, elapsed time 23 minutes; estimated completion in 17 hours
3.2% done, elapsed time 31 minutes; estimated completion in 16 hours
4.8% done, elapsed time 44 minutes; estimated completion in 14 hours
7.2% done, elapsed time 1 hours; estimated completion in 13 hours
11% done, elapsed time 1.5 hours; estimated completion in 13 hours
16% done, elapsed time 2.2 hours; estimated completion in 12 hours
24% done, elapsed time 3.3 hours; estimated completion in 10 hours
36% done, elapsed time 4.9 hours; estimated completion in 8.6 hours
55% done, elapsed time 7.4 hours; estimated completion in 6.1 hours
82% done, elapsed time 11 hours; estimated completion in 2.4 hours
Run completed
[1671893595.692758] [idun-07-01:2099959:0]          ib_md.c:1063 UCX  WARN  IB: ibv_fork_init() was disabled or failed, yet a fork() has been issued.
[1671893595.692790] [idun-07-01:2099959:0]          ib_md.c:1064 UCX  WARN  IB: data corruption might occur when using registered memory.
CoulombP3M tune parameters: Accuracy goal = 1.00000e-03 prefactor = 2.01217e+00
System: box_l = 1.81842e+02 # charged part = 3564 Sum[q_i^2] = 3.56400e+03
mesh cao r_cut_iL    alpha_L     err       rs_err    ks_err    time [ms]
16   7   1.19984e-01 1.53452e+01 9.938e-04 7.071e-04 6.983e-04 269.49  
16   6   1.22841e-01 1.49623e+01 9.933e-04 7.071e-04 6.976e-04 280.11  
34   7   6.37414e-02 3.02025e+01 9.650e-04 7.071e-04 6.567e-04 87.48   
34   6   6.46788e-02 2.97354e+01 9.967e-04 7.071e-04 7.024e-04 87.76   
34   5   6.74909e-02 2.84144e+01 9.744e-04 7.071e-04 6.705e-04 94.53   
52   7   4.38222e-02 4.50275e+01 9.903e-04 7.071e-04 6.933e-04 48.55   
52   6   4.48182e-02 4.39633e+01 9.985e-04 7.071e-04 7.049e-04 49.81   
52   5   4.68101e-02 4.19745e+01 9.742e-04 7.071e-04 6.701e-04 52.91   
70   7   3.42361e-02 5.85417e+01 9.533e-04 7.071e-04 6.393e-04 55.26   
70   6   3.49208e-02 5.73230e+01 9.700e-04 7.071e-04 6.640e-04 57.08   
70   5   3.62903e-02 5.50273e+01 9.647e-04 7.071e-04 6.562e-04 61.54   

resulting parameters: mesh: (52, 52, 52), cao: 7, r_cut_iL: 4.3822e-02,
                      alpha_L: 4.5028e+01, accuracy: 9.9030e-04, time: 48.55
