My SLURM_ARRAY_TASK_ID:  3
Radius of the colloid (red units) = 10.114029643979983
BOX_L_REDUCED = 181.84150521806058
N_SALT = 1620
Tune skin
{'n_nodes': 1, 'verlet_reuse': 0.0, 'cutoff_regular': None, 'node_grid': [1, 1, 1], 'max_cut_nonbonded': -1.0, 'interaction_range': -1.0, 'n_square_types': None, 'max_cut_bonded': -1.0, 'use_verlet_lists': True, 'cell_size': array([90.92075261, 90.92075261, 90.92075261]), 'decomposition_type': 'regular_decomposition', 'cell_grid': [2, 2, 2], 'skin': 3.11640625}
The system contains 3565 particles
Before Minimization: E_total = 1.76e+23
After Minimization: E_total = 0.00e+00
0.12% done, elapsed time 3.6 minutes; estimated completion in 2 days
0.17% done, elapsed time 4.2 minutes; estimated completion in 1.8 days
0.21% done, elapsed time 4.9 minutes; estimated completion in 1.6 days
0.29% done, elapsed time 6 minutes; estimated completion in 1.4 days
0.46% done, elapsed time 8.1 minutes; estimated completion in 1.2 days
0.67% done, elapsed time 10 minutes; estimated completion in 1.1 days
0.96% done, elapsed time 13 minutes; estimated completion in 23 hours
1.5% done, elapsed time 18 minutes; estimated completion in 20 hours
2.2% done, elapsed time 24 minutes; estimated completion in 18 hours
3.2% done, elapsed time 32 minutes; estimated completion in 16 hours
4.8% done, elapsed time 45 minutes; estimated completion in 15 hours
7.2% done, elapsed time 1.1 hours; estimated completion in 14 hours
11% done, elapsed time 1.5 hours; estimated completion in 13 hours
16% done, elapsed time 2.3 hours; estimated completion in 12 hours
24% done, elapsed time 3.3 hours; estimated completion in 10 hours
36% done, elapsed time 5 hours; estimated completion in 8.6 hours
55% done, elapsed time 7.4 hours; estimated completion in 6.1 hours
82% done, elapsed time 11 hours; estimated completion in 2.4 hours
Run completed
[1671893595.692872] [idun-07-01:2099958:0]          ib_md.c:1063 UCX  WARN  IB: ibv_fork_init() was disabled or failed, yet a fork() has been issued.
[1671893595.692896] [idun-07-01:2099958:0]          ib_md.c:1064 UCX  WARN  IB: data corruption might occur when using registered memory.
CoulombP3M tune parameters: Accuracy goal = 1.00000e-03 prefactor = 2.01217e+00
System: box_l = 1.81842e+02 # charged part = 3564 Sum[q_i^2] = 3.56400e+03
mesh cao r_cut_iL    alpha_L     err       rs_err    ks_err    time [ms]
16   7   1.19772e-01 1.53743e+01 9.991e-04 7.071e-04 7.058e-04 281.57  
16   6   1.22602e-01 1.49936e+01 9.991e-04 7.071e-04 7.058e-04 292.55  
34   7   6.36291e-02 3.02594e+01 9.703e-04 7.071e-04 6.644e-04 92.81   
34   6   6.55005e-02 2.93373e+01 9.580e-04 7.071e-04 6.463e-04 97.66   
52   7   4.37450e-02 4.51121e+01 9.962e-04 7.071e-04 7.018e-04 54.20   
52   6   4.57334e-02 4.30274e+01 9.356e-04 7.071e-04 6.127e-04 57.43   
70   7   3.41758e-02 5.86515e+01 9.588e-04 7.071e-04 6.475e-04 65.20   
70   6   3.48593e-02 5.74305e+01 9.758e-04 7.071e-04 6.724e-04 59.59   
70   5   3.62263e-02 5.51306e+01 9.702e-04 7.071e-04 6.643e-04 61.95   

resulting parameters: mesh: (52, 52, 52), cao: 7, r_cut_iL: 4.3745e-02,
                      alpha_L: 4.5112e+01, accuracy: 9.9623e-04, time: 54.20
