My SLURM_ARRAY_TASK_ID:  5
Radius of the colloid (red units) = 10.114029643979983
BOX_L_REDUCED = 181.84150521806058
N_SALT = 1620
Tune skin
{'n_nodes': 1, 'verlet_reuse': 0.0, 'cutoff_regular': None, 'node_grid': [1, 1, 1], 'max_cut_nonbonded': -1.0, 'interaction_range': -1.0, 'n_square_types': None, 'max_cut_bonded': -1.0, 'use_verlet_lists': True, 'cell_size': array([90.92075261, 90.92075261, 90.92075261]), 'decomposition_type': 'regular_decomposition', 'cell_grid': [2, 2, 2], 'skin': 3.1773437499999995}
The system contains 3565 particles
Before Minimization: E_total = 1.76e+23
After Minimization: E_total = 0.00e+00
0.12% done, elapsed time 3.8 minutes; estimated completion in 2.1 days
0.17% done, elapsed time 4.5 minutes; estimated completion in 1.9 days
0.21% done, elapsed time 5.2 minutes; estimated completion in 1.7 days
0.29% done, elapsed time 6.5 minutes; estimated completion in 1.5 days
0.46% done, elapsed time 8.8 minutes; estimated completion in 1.3 days
0.67% done, elapsed time 11 minutes; estimated completion in 1.2 days
0.96% done, elapsed time 15 minutes; estimated completion in 1 days
1.5% done, elapsed time 20 minutes; estimated completion in 22 hours
2.2% done, elapsed time 27 minutes; estimated completion in 20 hours
3.2% done, elapsed time 36 minutes; estimated completion in 18 hours
4.8% done, elapsed time 53 minutes; estimated completion in 17 hours
7.2% done, elapsed time 1.3 hours; estimated completion in 17 hours
11% done, elapsed time 1.9 hours; estimated completion in 16 hours
16% done, elapsed time 2.8 hours; estimated completion in 15 hours
24% done, elapsed time 4.2 hours; estimated completion in 13 hours
36% done, elapsed time 6.3 hours; estimated completion in 11 hours
55% done, elapsed time 9.4 hours; estimated completion in 7.8 hours
82% done, elapsed time 14 hours; estimated completion in 3.1 hours
Run completed
[1672917446.971600] [idun-07-21:2200918:0]          ib_md.c:1063 UCX  WARN  IB: ibv_fork_init() was disabled or failed, yet a fork() has been issued.
[1672917446.971642] [idun-07-21:2200918:0]          ib_md.c:1064 UCX  WARN  IB: data corruption might occur when using registered memory.
CoulombP3M tune parameters: Accuracy goal = 1.00000e-03 prefactor = 2.01217e+00
System: box_l = 1.81842e+02 # charged part = 3564 Sum[q_i^2] = 3.56400e+03
mesh cao r_cut_iL    alpha_L     err       rs_err    ks_err    time [ms]
16   7   1.20632e-01 1.52567e+01 9.782e-04 7.071e-04 6.759e-04 286.90  
16   6   1.23459e-01 1.48818e+01 9.788e-04 7.071e-04 6.768e-04 297.43  
34   7   6.31432e-02 3.05080e+01 9.941e-04 7.071e-04 6.987e-04 93.09   
34   6   6.50280e-02 2.95650e+01 9.797e-04 7.071e-04 6.780e-04 97.04   
52   7   4.43975e-02 4.44068e+01 9.492e-04 7.071e-04 6.332e-04 55.96   
52   6   4.53841e-02 4.33800e+01 9.581e-04 7.071e-04 6.465e-04 56.73   
52   5   4.73574e-02 4.14582e+01 9.399e-04 7.071e-04 6.193e-04 60.30   
70   7   3.39919e-02 5.89886e+01 9.763e-04 7.071e-04 6.731e-04 64.07   
70   6   3.46856e-02 5.77362e+01 9.926e-04 7.071e-04 6.966e-04 62.30   
70   5   3.60730e-02 5.53796e+01 9.838e-04 7.071e-04 6.840e-04 63.06   
70   4   3.88478e-02 5.11847e+01 9.525e-04 7.071e-04 6.381e-04 66.39   

resulting parameters: mesh: (52, 52, 52), cao: 7, r_cut_iL: 4.4398e-02,
                      alpha_L: 4.4407e+01, accuracy: 9.4919e-04, time: 55.96
