My SLURM_ARRAY_TASK_ID:  4
Radius of the colloid (red units) = 10.114029643979983
BOX_L_REDUCED = 181.84150521806058
N_SALT = 1620
Tune skin
{'n_nodes': 1, 'verlet_reuse': 0.0, 'cutoff_regular': None, 'node_grid': [1, 1, 1], 'max_cut_nonbonded': -1.0, 'interaction_range': -1.0, 'n_square_types': None, 'max_cut_bonded': -1.0, 'use_verlet_lists': True, 'cell_size': array([90.92075261, 90.92075261, 90.92075261]), 'decomposition_type': 'regular_decomposition', 'cell_grid': [2, 2, 2], 'skin': 3.36015625}
The system contains 3565 particles
Before Minimization: E_total = 1.76e+23
After Minimization: E_total = 0.00e+00
0.12% done, elapsed time 4.1 minutes; estimated completion in 2.3 days
0.17% done, elapsed time 4.9 minutes; estimated completion in 2 days
0.21% done, elapsed time 5.6 minutes; estimated completion in 1.9 days
0.29% done, elapsed time 6.9 minutes; estimated completion in 1.6 days
0.46% done, elapsed time 9.2 minutes; estimated completion in 1.4 days
0.67% done, elapsed time 12 minutes; estimated completion in 1.2 days
0.96% done, elapsed time 15 minutes; estimated completion in 1.1 days
1.5% done, elapsed time 20 minutes; estimated completion in 23 hours
2.2% done, elapsed time 27 minutes; estimated completion in 20 hours
3.2% done, elapsed time 37 minutes; estimated completion in 19 hours
4.8% done, elapsed time 54 minutes; estimated completion in 18 hours
7.2% done, elapsed time 1.3 hours; estimated completion in 17 hours
11% done, elapsed time 1.9 hours; estimated completion in 16 hours
16% done, elapsed time 2.8 hours; estimated completion in 15 hours
24% done, elapsed time 4.2 hours; estimated completion in 13 hours
36% done, elapsed time 6.2 hours; estimated completion in 11 hours
55% done, elapsed time 9.3 hours; estimated completion in 7.7 hours
82% done, elapsed time 14 hours; estimated completion in 3 hours
Run completed
[1672917446.971602] [idun-07-21:2200916:0]          ib_md.c:1063 UCX  WARN  IB: ibv_fork_init() was disabled or failed, yet a fork() has been issued.
[1672917446.971643] [idun-07-21:2200916:0]          ib_md.c:1064 UCX  WARN  IB: data corruption might occur when using registered memory.
CoulombP3M tune parameters: Accuracy goal = 1.00000e-03 prefactor = 2.01217e+00
System: box_l = 1.81842e+02 # charged part = 3564 Sum[q_i^2] = 3.56400e+03
mesh cao r_cut_iL    alpha_L     err       rs_err    ks_err    time [ms]
16   7   1.20380e-01 1.52909e+01 9.841e-04 7.071e-04 6.845e-04 288.88  
16   6   1.23202e-01 1.49152e+01 9.848e-04 7.071e-04 6.854e-04 299.28  
34   7   6.39521e-02 3.00963e+01 9.553e-04 7.071e-04 6.424e-04 98.83   
34   6   6.48925e-02 2.96309e+01 9.862e-04 7.071e-04 6.874e-04 98.70   
34   5   6.77140e-02 2.83144e+01 9.647e-04 7.071e-04 6.562e-04 105.58  
52   7   4.41067e-02 4.47186e+01 9.693e-04 7.071e-04 6.630e-04 57.21   
52   6   4.51206e-02 4.36498e+01 9.763e-04 7.071e-04 6.731e-04 58.45   
52   5   4.66415e-02 4.21361e+01 9.856e-04 7.071e-04 6.866e-04 60.48   
70   7   3.37692e-02 5.94019e+01 9.988e-04 7.071e-04 7.054e-04 61.58   
70   6   3.51475e-02 5.69304e+01 9.496e-04 7.071e-04 6.339e-04 63.47   
70   5   3.65258e-02 5.46503e+01 9.452e-04 7.071e-04 6.273e-04 65.43   

resulting parameters: mesh: (52, 52, 52), cao: 7, r_cut_iL: 4.4107e-02,
                      alpha_L: 4.4719e+01, accuracy: 9.6930e-04, time: 57.21
