My SLURM_ARRAY_TASK_ID:  0
Radius of the colloid (red units) = 7.15169894638001
BOX_L_REDUCED = 181.84150521806058
N_SALT = 1620
Tune skin
{'n_nodes': 1, 'verlet_reuse': 0.0, 'cutoff_regular': None, 'node_grid': [1, 1, 1], 'max_cut_nonbonded': -1.0, 'interaction_range': -1.0, 'n_square_types': None, 'max_cut_bonded': -1.0, 'use_verlet_lists': True, 'cell_size': array([90.92075261, 90.92075261, 90.92075261]), 'decomposition_type': 'regular_decomposition', 'cell_grid': [2, 2, 2], 'skin': 3.6039062500000005}
The system contains 3565 particles
Before Minimization: E_total = 6.02e+24
After Minimization: E_total = 0.00e+00
0.12% done, elapsed time 4.1 minutes; estimated completion in 2.3 days
0.17% done, elapsed time 4.8 minutes; estimated completion in 2 days
0.21% done, elapsed time 5.4 minutes; estimated completion in 1.8 days
0.29% done, elapsed time 6.5 minutes; estimated completion in 1.5 days
0.46% done, elapsed time 8.5 minutes; estimated completion in 1.3 days
0.67% done, elapsed time 11 minutes; estimated completion in 1.1 days
0.96% done, elapsed time 13 minutes; estimated completion in 23 hours
1.5% done, elapsed time 18 minutes; estimated completion in 20 hours
2.2% done, elapsed time 24 minutes; estimated completion in 18 hours
3.2% done, elapsed time 32 minutes; estimated completion in 16 hours
4.8% done, elapsed time 45 minutes; estimated completion in 15 hours
7.2% done, elapsed time 1.1 hours; estimated completion in 14 hours
11% done, elapsed time 1.6 hours; estimated completion in 13 hours
16% done, elapsed time 2.4 hours; estimated completion in 12 hours
24% done, elapsed time 3.6 hours; estimated completion in 11 hours
36% done, elapsed time 5.4 hours; estimated completion in 9.3 hours
55% done, elapsed time 8.1 hours; estimated completion in 6.7 hours
82% done, elapsed time 12 hours; estimated completion in 2.6 hours
Run completed
[1671744375.624854] [idun-03-34:995854:0]          ib_md.c:1063 UCX  WARN  IB: ibv_fork_init() was disabled or failed, yet a fork() has been issued.
[1671744375.624884] [idun-03-34:995854:0]          ib_md.c:1064 UCX  WARN  IB: data corruption might occur when using registered memory.
CoulombP3M tune parameters: Accuracy goal = 1.00000e-03 prefactor = 2.01217e+00
System: box_l = 1.81842e+02 # charged part = 3564 Sum[q_i^2] = 3.56400e+03
mesh cao r_cut_iL    alpha_L     err       rs_err    ks_err    time [ms]
16   7   1.20045e-01 1.53368e+01 9.923e-04 7.071e-04 6.962e-04 354.08  
16   6   1.22859e-01 1.49599e+01 9.929e-04 7.071e-04 6.970e-04 363.16  
34   7   6.37740e-02 3.01860e+01 9.635e-04 7.071e-04 6.544e-04 130.42  
34   6   6.47119e-02 2.97192e+01 9.950e-04 7.071e-04 7.001e-04 132.92  
52   7   4.38447e-02 4.50030e+01 9.886e-04 7.071e-04 6.909e-04 72.37   
52   6   4.48411e-02 4.39394e+01 9.967e-04 7.071e-04 7.025e-04 74.03   
52   5   4.68341e-02 4.19517e+01 9.726e-04 7.071e-04 6.678e-04 79.42   
70   7   3.42536e-02 5.85099e+01 9.517e-04 7.071e-04 6.369e-04 75.10   
70   6   3.49387e-02 5.72919e+01 9.683e-04 7.071e-04 6.616e-04 75.49   
70   5   3.63089e-02 5.49974e+01 9.631e-04 7.071e-04 6.539e-04 79.31   

resulting parameters: mesh: (52, 52, 52), cao: 7, r_cut_iL: 4.3845e-02,
                      alpha_L: 4.5003e+01, accuracy: 9.8859e-04, time: 72.37
