My SLURM_ARRAY_TASK_ID:  4
Radius of the colloid (red units) = 10.114029643979983
BOX_L_REDUCED = 181.84150521806058
N_SALT = 1620
Tune skin
{'n_nodes': 1, 'verlet_reuse': 0.0, 'cutoff_regular': None, 'node_grid': [1, 1, 1], 'max_cut_nonbonded': -1.0, 'interaction_range': -1.0, 'n_square_types': None, 'max_cut_bonded': -1.0, 'use_verlet_lists': True, 'cell_size': array([90.92075261, 90.92075261, 90.92075261]), 'decomposition_type': 'regular_decomposition', 'cell_grid': [2, 2, 2], 'skin': 2.14140625}
The system contains 3565 particles
Before Minimization: E_total = 1.76e+23
After Minimization: E_total = 0.00e+00
0.12% done, elapsed time 3.4 minutes; estimated completion in 1.9 days
0.17% done, elapsed time 4 minutes; estimated completion in 1.7 days
0.21% done, elapsed time 4.6 minutes; estimated completion in 1.5 days
0.29% done, elapsed time 5.7 minutes; estimated completion in 1.3 days
0.46% done, elapsed time 7.6 minutes; estimated completion in 1.1 days
0.67% done, elapsed time 9.9 minutes; estimated completion in 1 days
0.96% done, elapsed time 13 minutes; estimated completion in 22 hours
1.5% done, elapsed time 17 minutes; estimated completion in 19 hours
2.2% done, elapsed time 23 minutes; estimated completion in 18 hours
3.2% done, elapsed time 32 minutes; estimated completion in 16 hours
4.8% done, elapsed time 46 minutes; estimated completion in 15 hours
7.2% done, elapsed time 1.1 hours; estimated completion in 14 hours
11% done, elapsed time 1.6 hours; estimated completion in 13 hours
16% done, elapsed time 2.4 hours; estimated completion in 12 hours
24% done, elapsed time 3.5 hours; estimated completion in 11 hours
36% done, elapsed time 5.2 hours; estimated completion in 9.1 hours
55% done, elapsed time 7.8 hours; estimated completion in 6.5 hours
82% done, elapsed time 12 hours; estimated completion in 2.5 hours
Run completed
[1671893595.692770] [idun-07-01:2099955:0]          ib_md.c:1063 UCX  WARN  IB: ibv_fork_init() was disabled or failed, yet a fork() has been issued.
[1671893595.692797] [idun-07-01:2099955:0]          ib_md.c:1064 UCX  WARN  IB: data corruption might occur when using registered memory.
CoulombP3M tune parameters: Accuracy goal = 1.00000e-03 prefactor = 2.01217e+00
System: box_l = 1.81842e+02 # charged part = 3564 Sum[q_i^2] = 3.56400e+03
mesh cao r_cut_iL    alpha_L     err       rs_err    ks_err    time [ms]
16   7   1.20149e-01 1.53226e+01 9.898e-04 7.071e-04 6.925e-04 270.19  
16   6   1.23010e-01 1.49403e+01 9.893e-04 7.071e-04 6.919e-04 281.69  
34   7   6.38291e-02 3.01582e+01 9.609e-04 7.071e-04 6.507e-04 85.20   
34   6   6.47677e-02 2.96919e+01 9.923e-04 7.071e-04 6.961e-04 87.29   
52   7   4.38825e-02 4.49617e+01 9.857e-04 7.071e-04 6.868e-04 49.51   
52   6   4.48798e-02 4.38991e+01 9.938e-04 7.071e-04 6.983e-04 50.77   
52   5   4.68745e-02 4.19132e+01 9.700e-04 7.071e-04 6.640e-04 53.69   
70   7   3.42832e-02 5.84563e+01 9.490e-04 7.071e-04 6.330e-04 59.85   
70   6   3.49689e-02 5.72394e+01 9.656e-04 7.071e-04 6.575e-04 58.36   
70   5   3.63402e-02 5.49471e+01 9.605e-04 7.071e-04 6.500e-04 60.67   

resulting parameters: mesh: (52, 52, 52), cao: 7, r_cut_iL: 4.3882e-02,
                      alpha_L: 4.4962e+01, accuracy: 9.8574e-04, time: 49.51
