My SLURM_ARRAY_TASK_ID:  5
Radius of the colloid (red units) = 7.15169894638001
BOX_L_REDUCED = 181.84150521806058
N_SALT = 1620
Tune skin
{'n_nodes': 1, 'verlet_reuse': 0.0, 'cutoff_regular': None, 'node_grid': [1, 1, 1], 'max_cut_nonbonded': -1.0, 'interaction_range': -1.0, 'n_square_types': None, 'max_cut_bonded': -1.0, 'use_verlet_lists': True, 'cell_size': array([90.92075261, 90.92075261, 90.92075261]), 'decomposition_type': 'regular_decomposition', 'cell_grid': [2, 2, 2], 'skin': 1.7757812499999999}
The system contains 3565 particles
Before Minimization: E_total = 6.02e+24
After Minimization: E_total = 0.00e+00
0.12% done, elapsed time 3.3 minutes; estimated completion in 1.8 days
0.17% done, elapsed time 3.9 minutes; estimated completion in 1.6 days
0.21% done, elapsed time 4.5 minutes; estimated completion in 1.5 days
0.29% done, elapsed time 5.5 minutes; estimated completion in 1.3 days
0.46% done, elapsed time 7.4 minutes; estimated completion in 1.1 days
0.67% done, elapsed time 9.6 minutes; estimated completion in 24 hours
0.96% done, elapsed time 12 minutes; estimated completion in 22 hours
1.5% done, elapsed time 17 minutes; estimated completion in 20 hours
2.2% done, elapsed time 24 minutes; estimated completion in 18 hours
3.2% done, elapsed time 34 minutes; estimated completion in 17 hours
4.8% done, elapsed time 49 minutes; estimated completion in 16 hours
7.2% done, elapsed time 1.2 hours; estimated completion in 15 hours
11% done, elapsed time 1.7 hours; estimated completion in 14 hours
16% done, elapsed time 2.6 hours; estimated completion in 13 hours
24% done, elapsed time 3.8 hours; estimated completion in 12 hours
36% done, elapsed time 5.7 hours; estimated completion in 9.9 hours
55% done, elapsed time 8.5 hours; estimated completion in 7.1 hours
82% done, elapsed time 13 hours; estimated completion in 2.8 hours
Run completed
[1673020504.945057] [idun-07-08:17892:0]          ib_md.c:1063 UCX  WARN  IB: ibv_fork_init() was disabled or failed, yet a fork() has been issued.
[1673020504.945087] [idun-07-08:17892:0]          ib_md.c:1064 UCX  WARN  IB: data corruption might occur when using registered memory.
CoulombP3M tune parameters: Accuracy goal = 1.00000e-03 prefactor = 2.01217e+00
System: box_l = 1.81842e+02 # charged part = 3564 Sum[q_i^2] = 3.56400e+03
mesh cao r_cut_iL    alpha_L     err       rs_err    ks_err    time [ms]
16   7   1.20644e-01 1.52551e+01 9.779e-04 7.071e-04 6.755e-04 322.88  
16   6   1.23516e-01 1.48745e+01 9.775e-04 7.071e-04 6.749e-04 333.15  
34   7   6.31494e-02 3.05048e+01 9.938e-04 7.071e-04 6.983e-04 102.56  
34   6   6.50345e-02 2.95619e+01 9.794e-04 7.071e-04 6.776e-04 107.83  
52   7   4.44019e-02 4.44022e+01 9.489e-04 7.071e-04 6.328e-04 56.02   
52   6   4.53886e-02 4.33754e+01 9.578e-04 7.071e-04 6.460e-04 57.26   
52   5   4.73621e-02 4.14539e+01 9.397e-04 7.071e-04 6.188e-04 60.97   
70   7   3.39952e-02 5.89824e+01 9.760e-04 7.071e-04 6.727e-04 56.41   
70   6   3.46890e-02 5.77301e+01 9.923e-04 7.071e-04 6.962e-04 57.56   
70   5   3.60766e-02 5.53738e+01 9.835e-04 7.071e-04 6.836e-04 59.30   
88   7   2.81523e-02 7.20544e+01 9.400e-04 7.071e-04 6.194e-04 101.72  
88   6   2.86835e-02 7.06397e+01 9.606e-04 7.071e-04 6.502e-04 103.12  
88   5   2.97458e-02 6.79659e+01 9.639e-04 7.071e-04 6.550e-04 104.00  

resulting parameters: mesh: (52, 52, 52), cao: 7, r_cut_iL: 4.4402e-02,
                      alpha_L: 4.4402e+01, accuracy: 9.4889e-04, time: 56.02
